########### array before sorts ###########
0	5.080000	0.000000	3.765199	0.173097	n
1	3.765199	0.173097	2.540000	0.680591	n
2	2.540000	0.680591	1.487898	1.487898	n
3	1.487898	1.487898	0.680591	2.540000	n
4	0.680591	2.540000	0.173097	3.765199	n
5	0.173097	3.765199	0.000000	5.080000	n
6	0.000000	5.080000	0.000000	80.920000	n
7	0.000000	80.920000	0.173097	82.234801	n
8	0.173097	82.234801	0.680591	83.460000	n
9	0.680591	83.460000	1.487898	84.512102	n
10	1.487898	84.512102	2.540000	85.319409	n
11	2.540000	85.319409	3.765199	85.826903	n
12	3.765199	85.826903	5.080000	86.000000	n
13	5.080000	86.000000	77.920000	86.000000	n
14	77.920000	86.000000	79.234801	85.826903	n
15	79.234801	85.826903	80.460000	85.319409	n
16	80.460000	85.319409	81.512102	84.512102	n
17	81.512102	84.512102	82.319409	83.460000	n
18	82.319409	83.460000	82.826903	82.234801	n
19	82.826903	82.234801	83.000000	80.920000	n
20	83.000000	80.920000	83.000000	5.080000	n
21	83.000000	5.080000	82.826903	3.765199	n
22	82.826903	3.765199	82.319409	2.540000	n
23	82.319409	2.540000	81.512102	1.487898	n
24	81.512102	1.487898	80.460000	0.680591	n
25	80.460000	0.680591	79.234801	0.173097	n
26	79.234801	0.173097	77.920000	0.000000	n
27	77.920000	0.000000	5.080000	0.000000	n
Tolerance=0.050000.
*Exact match for i=0 and j=1.
*i point 5.080000	0.000000	3.765199	0.173097	y
*Exact match for i=1 and j=2.
*i point 3.765199	0.173097	2.540000	0.680591	y
*Exact match for i=2 and j=3.
*i point 2.540000	0.680591	1.487898	1.487898	y
*Exact match for i=3 and j=4.
*i point 1.487898	1.487898	0.680591	2.540000	y
*Exact match for i=4 and j=5.
*i point 0.680591	2.540000	0.173097	3.765199	y
*Exact match for i=5 and j=6.
*i point 0.173097	3.765199	0.000000	5.080000	y
*Exact match for i=6 and j=7.
*i point 0.000000	5.080000	0.000000	80.920000	y
*Exact match for i=7 and j=8.
*i point 0.000000	80.920000	0.173097	82.234801	y
*Exact match for i=8 and j=9.
*i point 0.173097	82.234801	0.680591	83.460000	y
*Exact match for i=9 and j=10.
*i point 0.680591	83.460000	1.487898	84.512102	y
*Exact match for i=10 and j=11.
*i point 1.487898	84.512102	2.540000	85.319409	y
*Exact match for i=11 and j=12.
*i point 2.540000	85.319409	3.765199	85.826903	y
*Exact match for i=12 and j=13.
*i point 3.765199	85.826903	5.080000	86.000000	y
*Exact match for i=13 and j=14.
*i point 5.080000	86.000000	77.920000	86.000000	y
*Exact match for i=14 and j=15.
*i point 77.920000	86.000000	79.234801	85.826903	y
*Exact match for i=15 and j=16.
*i point 79.234801	85.826903	80.460000	85.319409	y
*Exact match for i=16 and j=17.
*i point 80.460000	85.319409	81.512102	84.512102	y
*Exact match for i=17 and j=18.
*i point 81.512102	84.512102	82.319409	83.460000	y
*Exact match for i=18 and j=19.
*i point 82.319409	83.460000	82.826903	82.234801	y
*Exact match for i=19 and j=20.
*i point 82.826903	82.234801	83.000000	80.920000	y
*Exact match for i=20 and j=21.
*i point 83.000000	80.920000	83.000000	5.080000	y
*Exact match for i=21 and j=22.
*i point 83.000000	5.080000	82.826903	3.765199	y
*Exact match for i=22 and j=23.
*i point 82.826903	3.765199	82.319409	2.540000	y
*Exact match for i=23 and j=24.
*i point 82.319409	2.540000	81.512102	1.487898	y
*Exact match for i=24 and j=25.
*i point 81.512102	1.487898	80.460000	0.680591	y
*Exact match for i=25 and j=26.
*i point 80.460000	0.680591	79.234801	0.173097	y
*Exact match for i=26 and j=27.
*i point 79.234801	0.173097	77.920000	0.000000	y
########### array after sorts ###########
0	5.080000	0.000000	3.765199	0.173097	y
1	3.765199	0.173097	2.540000	0.680591	y
2	2.540000	0.680591	1.487898	1.487898	y
3	1.487898	1.487898	0.680591	2.540000	y
4	0.680591	2.540000	0.173097	3.765199	y
5	0.173097	3.765199	0.000000	5.080000	y
6	0.000000	5.080000	0.000000	80.920000	y
7	0.000000	80.920000	0.173097	82.234801	y
8	0.173097	82.234801	0.680591	83.460000	y
9	0.680591	83.460000	1.487898	84.512102	y
10	1.487898	84.512102	2.540000	85.319409	y
11	2.540000	85.319409	3.765199	85.826903	y
12	3.765199	85.826903	5.080000	86.000000	y
13	5.080000	86.000000	77.920000	86.000000	y
14	77.920000	86.000000	79.234801	85.826903	y
15	79.234801	85.826903	80.460000	85.319409	y
16	80.460000	85.319409	81.512102	84.512102	y
17	81.512102	84.512102	82.319409	83.460000	y
18	82.319409	83.460000	82.826903	82.234801	y
19	82.826903	82.234801	83.000000	80.920000	y
20	83.000000	80.920000	83.000000	5.080000	y
21	83.000000	5.080000	82.826903	3.765199	y
22	82.826903	3.765199	82.319409	2.540000	y
23	82.319409	2.540000	81.512102	1.487898	y
24	81.512102	1.487898	80.460000	0.680591	y
25	80.460000	0.680591	79.234801	0.173097	y
26	79.234801	0.173097	77.920000	0.000000	y
27	77.920000	0.000000	5.080000	0.000000	y
***************
.BOARD_OUTLINE UNOWNED
1.6
0     5.080000     0.000000     0
0     3.765199     0.173097     0
0     2.540000     0.680591     0
0     1.487898     1.487898     0
0     0.680591     2.540000     0
0     0.173097     3.765199     0
0     0.000000     5.080000     0
0     0.000000     80.920000     0
0     0.173097     82.234801     0
0     0.680591     83.460000     0
0     1.487898     84.512102     0
0     2.540000     85.319409     0
0     3.765199     85.826903     0
0     5.080000     86.000000     0
0     77.920000     86.000000     0
0     79.234801     85.826903     0
0     80.460000     85.319409     0
0     81.512102     84.512102     0
0     82.319409     83.460000     0
0     82.826903     82.234801     0
0     83.000000     80.920000     0
0     83.000000     5.080000     0
0     82.826903     3.765199     0
0     82.319409     2.540000     0
0     81.512102     1.487898     0
0     80.460000     0.680591     0
0     79.234801     0.173097     0
0     77.920000     0.000000     0
0     5.080000     0.000000     0
